Script started
Importing django...
Setting up django...
[INIT] Core hospital signals loaded [OK]
[INIT] Accounting auto-sync signals loaded [OK]
[INIT] Auto-attendance signals loaded [OK]
[INIT] Revenue tracking signals loaded [OK]
[INIT] Revenue tracking signals loaded [OK]
[INIT] Auto-billing signals loaded [OK]
[INIT] Payment clearance signals loaded [OK]
[INIT] Walk-in pharmacy models loaded [OK]
[INIT] Login tracking signals loaded [OK]
[INIT] User session tracking loaded [OK]
[INIT] Audit logging signals loaded [OK]
Django setup successful
============================================================
STDOUT:
============================================================
